[    0.3s] domain=VG model=twotower_id device=cuda commit=762da11 n_items=25611 n_users=94762
[    0.3s] data.meta = {"n_train_samples": 435534, "n_valid": 94761, "n_test": 94759, "n_train_users_reconstructed": 94761, "n_users_patched_from_valid": 1}
[    0.3s] === VG / twotower_id (A_classic) ===
[    0.7s]   [twotower_id] 参数量 1656.3K  训练样本 435534  batch=512 maxlen=20 device=cuda
[    1.7s]     ep1 step50/851 loss=12.2457
[    2.5s]     ep1 step100/851 loss=10.7841
[    3.4s]     ep1 step150/851 loss=10.2580
[    4.2s]     ep1 step200/851 loss=9.9792
[    5.0s]     ep1 step250/851 loss=9.8006
[    5.8s]     ep1 step300/851 loss=9.6670
[    6.6s]     ep1 step350/851 loss=9.5685
[    7.4s]     ep1 step400/851 loss=9.4878
[    8.2s]     ep1 step450/851 loss=9.4165
[    9.0s]     ep1 step500/851 loss=9.3480
[    9.8s]     ep1 step550/851 loss=9.2876
[   10.6s]     ep1 step600/851 loss=9.2324
[   11.5s]     ep1 step650/851 loss=9.1818
[   12.3s]     ep1 step700/851 loss=9.1365
[   13.1s]     ep1 step750/851 loss=9.0946
[   13.9s]     ep1 step800/851 loss=9.0566
[   14.7s]     ep1 step850/851 loss=9.0200
[   53.9s]   epoch 1: train_loss=9.0196 valid NDCG@10=0.0249 HR@10=0.0488 (53s)
[   54.9s]     ep2 step50/851 loss=8.2716
[   55.7s]     ep2 step100/851 loss=8.2792
[   56.5s]     ep2 step150/851 loss=8.2822
[   57.7s]     ep2 step200/851 loss=8.2779
[   58.5s]     ep2 step250/851 loss=8.2728
[   59.3s]     ep2 step300/851 loss=8.2702
[   60.2s]     ep2 step350/851 loss=8.2655
[   61.0s]     ep2 step400/851 loss=8.2587
[   61.8s]     ep2 step450/851 loss=8.2536
[   62.6s]     ep2 step500/851 loss=8.2480
[   63.4s]     ep2 step550/851 loss=8.2408
[   64.2s]     ep2 step600/851 loss=8.2357
[   65.0s]     ep2 step650/851 loss=8.2293
[   65.8s]     ep2 step700/851 loss=8.2213
[   66.6s]     ep2 step750/851 loss=8.2137
[   67.4s]     ep2 step800/851 loss=8.2059
[   68.2s]     ep2 step850/851 loss=8.1984
[  108.7s]   epoch 2: train_loss=8.1983 valid NDCG@10=0.0341 HR@10=0.0651 (55s)
[  109.7s]     ep3 step50/851 loss=7.8388
[  110.5s]     ep3 step100/851 loss=7.8569
[  111.3s]     ep3 step150/851 loss=7.8680
[  112.1s]     ep3 step200/851 loss=7.8800
[  112.9s]     ep3 step250/851 loss=7.8865
[  113.7s]     ep3 step300/851 loss=7.8894
[  114.5s]     ep3 step350/851 loss=7.8935
[  115.3s]     ep3 step400/851 loss=7.8951
[  116.1s]     ep3 step450/851 loss=7.8980
[  116.9s]     ep3 step500/851 loss=7.9015
[  117.8s]     ep3 step550/851 loss=7.9015
[  118.6s]     ep3 step600/851 loss=7.9010
[  119.4s]     ep3 step650/851 loss=7.8987
[  120.2s]     ep3 step700/851 loss=7.8990
[  121.4s]     ep3 step750/851 loss=7.8971
[  122.2s]     ep3 step800/851 loss=7.8953
[  123.0s]     ep3 step850/851 loss=7.8935
[  163.9s]   epoch 3: train_loss=7.8934 valid NDCG@10=0.0392 HR@10=0.0748 (55s)
[  164.9s]     ep4 step50/851 loss=7.5736
[  165.7s]     ep4 step100/851 loss=7.5893
[  166.5s]     ep4 step150/851 loss=7.5995
[  167.3s]     ep4 step200/851 loss=7.6168
[  168.1s]     ep4 step250/851 loss=7.6276
[  168.9s]     ep4 step300/851 loss=7.6382
[  169.7s]     ep4 step350/851 loss=7.6466
[  170.5s]     ep4 step400/851 loss=7.6550
[  171.3s]     ep4 step450/851 loss=7.6596
[  172.1s]     ep4 step500/851 loss=7.6655
[  172.9s]     ep4 step550/851 loss=7.6701
[  173.7s]     ep4 step600/851 loss=7.6739
[  174.5s]     ep4 step650/851 loss=7.6798
[  175.3s]     ep4 step700/851 loss=7.6817
[  176.2s]     ep4 step750/851 loss=7.6855
[  177.0s]     ep4 step800/851 loss=7.6868
[  177.8s]     ep4 step850/851 loss=7.6887
[  219.2s]   epoch 4: train_loss=7.6888 valid NDCG@10=0.0424 HR@10=0.0804 (55s)
[  220.3s]     ep5 step50/851 loss=7.3854
[  221.1s]     ep5 step100/851 loss=7.4001
[  221.9s]     ep5 step150/851 loss=7.4166
[  222.7s]     ep5 step200/851 loss=7.4348
[  223.6s]     ep5 step250/851 loss=7.4452
[  224.8s]     ep5 step300/851 loss=7.4580
[  225.6s]     ep5 step350/851 loss=7.4681
[  226.4s]     ep5 step400/851 loss=7.4792
[  227.3s]     ep5 step450/851 loss=7.4901
[  228.1s]     ep5 step500/851 loss=7.4987
[  229.0s]     ep5 step550/851 loss=7.5068
[  229.8s]     ep5 step600/851 loss=7.5138
[  230.6s]     ep5 step650/851 loss=7.5175
[  231.4s]     ep5 step700/851 loss=7.5212
[  232.2s]     ep5 step750/851 loss=7.5277
[  233.0s]     ep5 step800/851 loss=7.5326
[  233.8s]     ep5 step850/851 loss=7.5359
[  275.1s]   epoch 5: train_loss=7.5361 valid NDCG@10=0.0453 HR@10=0.0858 (56s)
[  276.0s]     ep6 step50/851 loss=7.2206
[  276.7s]     ep6 step100/851 loss=7.2545
[  277.4s]     ep6 step150/851 loss=7.2658
[  278.1s]     ep6 step200/851 loss=7.2805
[  278.8s]     ep6 step250/851 loss=7.2958
[  279.5s]     ep6 step300/851 loss=7.3148
[  280.2s]     ep6 step350/851 loss=7.3244
[  280.9s]     ep6 step400/851 loss=7.3374
[  281.6s]     ep6 step450/851 loss=7.3480
[  282.3s]     ep6 step500/851 loss=7.3565
[  283.0s]     ep6 step550/851 loss=7.3663
[  283.8s]     ep6 step600/851 loss=7.3745
[  284.5s]     ep6 step650/851 loss=7.3835
[  285.2s]     ep6 step700/851 loss=7.3898
[  285.9s]     ep6 step750/851 loss=7.3957
[  286.6s]     ep6 step800/851 loss=7.4021
[  287.3s]     ep6 step850/851 loss=7.4072
[  329.2s]   epoch 6: train_loss=7.4073 valid NDCG@10=0.0466 HR@10=0.0878 (54s)
[  330.1s]     ep7 step50/851 loss=7.1086
[  331.2s]     ep7 step100/851 loss=7.1167
[  331.9s]     ep7 step150/851 loss=7.1355
[  332.6s]     ep7 step200/851 loss=7.1547
[  333.3s]     ep7 step250/851 loss=7.1730
[  334.0s]     ep7 step300/851 loss=7.1878
[  334.7s]     ep7 step350/851 loss=7.2013
[  335.4s]     ep7 step400/851 loss=7.2155
[  336.1s]     ep7 step450/851 loss=7.2285
[  336.8s]     ep7 step500/851 loss=7.2404
[  337.5s]     ep7 step550/851 loss=7.2492
[  338.2s]     ep7 step600/851 loss=7.2574
[  338.9s]     ep7 step650/851 loss=7.2664
[  339.6s]     ep7 step700/851 loss=7.2729
[  340.3s]     ep7 step750/851 loss=7.2796
[  341.0s]     ep7 step800/851 loss=7.2854
[  341.7s]     ep7 step850/851 loss=7.2931
[  381.7s]   epoch 7: train_loss=7.2933 valid NDCG@10=0.0474 HR@10=0.0887 (52s)
[  382.6s]     ep8 step50/851 loss=7.0083
[  383.3s]     ep8 step100/851 loss=7.0129
[  383.9s]     ep8 step150/851 loss=7.0250
[  384.6s]     ep8 step200/851 loss=7.0462
[  385.3s]     ep8 step250/851 loss=7.0612
[  386.0s]     ep8 step300/851 loss=7.0781
[  386.7s]     ep8 step350/851 loss=7.0948
[  387.5s]     ep8 step400/851 loss=7.1084
[  388.2s]     ep8 step450/851 loss=7.1199
[  388.9s]     ep8 step500/851 loss=7.1330
[  389.6s]     ep8 step550/851 loss=7.1438
[  390.3s]     ep8 step600/851 loss=7.1543
[  391.4s]     ep8 step650/851 loss=7.1632
[  392.1s]     ep8 step700/851 loss=7.1720
[  392.8s]     ep8 step750/851 loss=7.1805
[  393.5s]     ep8 step800/851 loss=7.1884
[  394.2s]     ep8 step850/851 loss=7.1957
[  433.7s]   epoch 8: train_loss=7.1959 valid NDCG@10=0.0479 HR@10=0.0899 (52s)
[  434.7s]     ep9 step50/851 loss=6.8881
[  435.3s]     ep9 step100/851 loss=6.9090
[  436.0s]     ep9 step150/851 loss=6.9319
[  436.7s]     ep9 step200/851 loss=6.9518
[  437.4s]     ep9 step250/851 loss=6.9689
[  438.1s]     ep9 step300/851 loss=6.9836
[  438.8s]     ep9 step350/851 loss=7.0026
[  439.5s]     ep9 step400/851 loss=7.0188
[  440.2s]     ep9 step450/851 loss=7.0326
[  440.9s]     ep9 step500/851 loss=7.0444
[  441.6s]     ep9 step550/851 loss=7.0529
[  442.4s]     ep9 step600/851 loss=7.0648
[  443.1s]     ep9 step650/851 loss=7.0745
[  443.8s]     ep9 step700/851 loss=7.0835
[  444.4s]     ep9 step750/851 loss=7.0930
[  445.1s]     ep9 step800/851 loss=7.1015
[  445.8s]     ep9 step850/851 loss=7.1091
[  486.2s]   epoch 9: train_loss=7.1092 valid NDCG@10=0.0485 HR@10=0.0904 (52s)
[  487.1s]     ep10 step50/851 loss=6.8036
[  487.8s]     ep10 step100/851 loss=6.8332
[  488.5s]     ep10 step150/851 loss=6.8479
[  489.2s]     ep10 step200/851 loss=6.8651
[  490.2s]     ep10 step250/851 loss=6.8855
[  490.9s]     ep10 step300/851 loss=6.9036
[  491.6s]     ep10 step350/851 loss=6.9163
[  492.3s]     ep10 step400/851 loss=6.9322
[  493.0s]     ep10 step450/851 loss=6.9462
[  493.7s]     ep10 step500/851 loss=6.9585
[  494.4s]     ep10 step550/851 loss=6.9689
[  495.1s]     ep10 step600/851 loss=6.9793
[  495.8s]     ep10 step650/851 loss=6.9885
[  496.5s]     ep10 step700/851 loss=6.9987
[  497.2s]     ep10 step750/851 loss=7.0092
[  497.9s]     ep10 step800/851 loss=7.0185
[  498.6s]     ep10 step850/851 loss=7.0267
[  538.4s]   epoch 10: train_loss=7.0268 valid NDCG@10=0.0483 HR@10=0.0903 (52s)
[  539.4s]     ep11 step50/851 loss=6.6925
[  540.1s]     ep11 step100/851 loss=6.7256
[  540.8s]     ep11 step150/851 loss=6.7468
[  541.5s]     ep11 step200/851 loss=6.7739
[  542.2s]     ep11 step250/851 loss=6.7961
[  542.9s]     ep11 step300/851 loss=6.8167
[  543.6s]     ep11 step350/851 loss=6.8332
[  544.3s]     ep11 step400/851 loss=6.8495
[  545.0s]     ep11 step450/851 loss=6.8641
[  545.7s]     ep11 step500/851 loss=6.8766
[  546.4s]     ep11 step550/851 loss=6.8896
[  547.1s]     ep11 step600/851 loss=6.9006
[  547.7s]     ep11 step650/851 loss=6.9146
[  548.4s]     ep11 step700/851 loss=6.9250
[  549.1s]     ep11 step750/851 loss=6.9360
[  549.8s]     ep11 step800/851 loss=6.9456
[  550.9s]     ep11 step850/851 loss=6.9543
[  591.1s]   epoch 11: train_loss=6.9545 valid NDCG@10=0.0482 HR@10=0.0902 (53s)
[  592.1s]     ep12 step50/851 loss=6.6653
[  592.9s]     ep12 step100/851 loss=6.6672
[  593.8s]     ep12 step150/851 loss=6.6839
[  594.6s]     ep12 step200/851 loss=6.7101
[  595.4s]     ep12 step250/851 loss=6.7292
[  596.2s]     ep12 step300/851 loss=6.7452
[  597.0s]     ep12 step350/851 loss=6.7618
[  597.8s]     ep12 step400/851 loss=6.7786
[  598.7s]     ep12 step450/851 loss=6.7937
[  599.5s]     ep12 step500/851 loss=6.8085
[  600.3s]     ep12 step550/851 loss=6.8206
[  601.1s]     ep12 step600/851 loss=6.8342
[  601.9s]     ep12 step650/851 loss=6.8461
[  602.7s]     ep12 step700/851 loss=6.8567
[  603.5s]     ep12 step750/851 loss=6.8663
[  604.4s]     ep12 step800/851 loss=6.8768
[  605.2s]     ep12 step850/851 loss=6.8869
[  647.0s]   epoch 12: train_loss=6.8870 valid NDCG@10=0.0476 HR@10=0.0885 (56s)
[  648.0s]     ep13 step50/851 loss=6.5712
[  648.8s]     ep13 step100/851 loss=6.5959
[  649.6s]     ep13 step150/851 loss=6.6136
[  650.4s]     ep13 step200/851 loss=6.6355
[  651.2s]     ep13 step250/851 loss=6.6612
[  652.1s]     ep13 step300/851 loss=6.6823
[  652.9s]     ep13 step350/851 loss=6.7001
[  653.7s]     ep13 step400/851 loss=6.7153
[  654.5s]     ep13 step450/851 loss=6.7292
[  655.3s]     ep13 step500/851 loss=6.7434
[  656.1s]     ep13 step550/851 loss=6.7582
[  657.3s]     ep13 step600/851 loss=6.7713
[  658.1s]     ep13 step650/851 loss=6.7827
[  658.9s]     ep13 step700/851 loss=6.7930
[  659.8s]     ep13 step750/851 loss=6.8033
[  660.6s]     ep13 step800/851 loss=6.8136
[  661.4s]     ep13 step850/851 loss=6.8232
[  703.4s]   epoch 13: train_loss=6.8234 valid NDCG@10=0.0487 HR@10=0.0898 (56s)
[  704.4s]     ep14 step50/851 loss=6.5110
[  705.2s]     ep14 step100/851 loss=6.5423
[  706.0s]     ep14 step150/851 loss=6.5622
[  706.8s]     ep14 step200/851 loss=6.5843
[  707.6s]     ep14 step250/851 loss=6.6039
[  708.5s]     ep14 step300/851 loss=6.6222
[  709.3s]     ep14 step350/851 loss=6.6397
[  710.1s]     ep14 step400/851 loss=6.6544
[  710.9s]     ep14 step450/851 loss=6.6697
[  711.7s]     ep14 step500/851 loss=6.6858
[  712.5s]     ep14 step550/851 loss=6.6994
[  713.3s]     ep14 step600/851 loss=6.7127
[  714.2s]     ep14 step650/851 loss=6.7255
[  715.0s]     ep14 step700/851 loss=6.7369
[  715.8s]     ep14 step750/851 loss=6.7470
[  716.6s]     ep14 step800/851 loss=6.7556
[  717.4s]     ep14 step850/851 loss=6.7646
[  758.5s]   epoch 14: train_loss=6.7646 valid NDCG@10=0.0472 HR@10=0.0877 (55s)
[  759.5s]     ep15 step50/851 loss=6.4695
[  760.3s]     ep15 step100/851 loss=6.4905
[  761.1s]     ep15 step150/851 loss=6.5148
[  762.4s]     ep15 step200/851 loss=6.5319
[  763.2s]     ep15 step250/851 loss=6.5523
[  764.0s]     ep15 step300/851 loss=6.5688
[  764.8s]     ep15 step350/851 loss=6.5840
[  765.6s]     ep15 step400/851 loss=6.5996
[  766.4s]     ep15 step450/851 loss=6.6149
[  767.2s]     ep15 step500/851 loss=6.6295
[  768.1s]     ep15 step550/851 loss=6.6434
[  768.9s]     ep15 step600/851 loss=6.6581
[  769.7s]     ep15 step650/851 loss=6.6689
[  770.5s]     ep15 step700/851 loss=6.6828
[  771.3s]     ep15 step750/851 loss=6.6931
[  772.1s]     ep15 step800/851 loss=6.7037
[  772.9s]     ep15 step850/851 loss=6.7133
[  814.8s]   epoch 15: train_loss=6.7135 valid NDCG@10=0.0478 HR@10=0.0886 (56s)
[  815.7s]     ep16 step50/851 loss=6.4081
[  816.5s]     ep16 step100/851 loss=6.4265
[  817.4s]     ep16 step150/851 loss=6.4592
[  818.2s]     ep16 step200/851 loss=6.4738
[  819.0s]     ep16 step250/851 loss=6.4916
[  819.8s]     ep16 step300/851 loss=6.5128
[  820.6s]     ep16 step350/851 loss=6.5318
[  821.4s]     ep16 step400/851 loss=6.5490
[  822.2s]     ep16 step450/851 loss=6.5645
[  823.0s]     ep16 step500/851 loss=6.5817
[  823.8s]     ep16 step550/851 loss=6.5959
[  824.7s]     ep16 step600/851 loss=6.6087
[  825.5s]     ep16 step650/851 loss=6.6204
[  826.7s]     ep16 step700/851 loss=6.6338
[  827.5s]     ep16 step750/851 loss=6.6449
[  828.3s]     ep16 step800/851 loss=6.6558
[  829.1s]     ep16 step850/851 loss=6.6655
[  871.0s]   epoch 16: train_loss=6.6656 valid NDCG@10=0.0468 HR@10=0.0869 (56s)
[  872.1s]     ep17 step50/851 loss=6.3711
[  872.9s]     ep17 step100/851 loss=6.3878
[  873.7s]     ep17 step150/851 loss=6.4123
[  874.6s]     ep17 step200/851 loss=6.4318
[  875.4s]     ep17 step250/851 loss=6.4509
[  876.2s]     ep17 step300/851 loss=6.4703
[  877.1s]     ep17 step350/851 loss=6.4933
[  877.9s]     ep17 step400/851 loss=6.5074
[  878.7s]     ep17 step450/851 loss=6.5216
[  879.6s]     ep17 step500/851 loss=6.5353
[  880.4s]     ep17 step550/851 loss=6.5505
[  881.2s]     ep17 step600/851 loss=6.5647
[  882.1s]     ep17 step650/851 loss=6.5784
[  882.9s]     ep17 step700/851 loss=6.5885
[  883.7s]     ep17 step750/851 loss=6.6004
[  884.6s]     ep17 step800/851 loss=6.6108
[  885.4s]     ep17 step850/851 loss=6.6198
[  926.0s]   epoch 17: train_loss=6.6198 valid NDCG@10=0.0462 HR@10=0.0858 (55s)
[  926.0s]   早停：4 轮未提升（best epoch 13, NDCG@10=0.0487）
[ 1017.8s]   → VG/twotower_id TEST: HR@10=0.0740 NDCG@10=0.0403 MRR=0.0370 coverage@10=0.6300  用时 1017.5s
