[    0.3s] domain=VG model=gru4rec device=cuda commit=762da11 n_items=25611 n_users=94762
[    0.3s] data.meta = {"n_train_samples": 435534, "n_valid": 94761, "n_test": 94759, "n_train_users_reconstructed": 94761, "n_users_patched_from_valid": 1}
[    0.3s] === VG / gru4rec (A_classic) ===
[    0.7s]   [gru4rec] 参数量 1664.3K  训练样本 435534  batch=512 maxlen=20 device=cuda
[    1.6s]     ep1 step50/851 loss=9.6720
[    2.1s]     ep1 step100/851 loss=9.4847
[    2.6s]     ep1 step150/851 loss=9.4008
[    3.2s]     ep1 step200/851 loss=9.3427
[    3.7s]     ep1 step250/851 loss=9.2967
[    4.3s]     ep1 step300/851 loss=9.2532
[    4.8s]     ep1 step350/851 loss=9.2148
[    5.3s]     ep1 step400/851 loss=9.1817
[    5.8s]     ep1 step450/851 loss=9.1516
[    6.4s]     ep1 step500/851 loss=9.1248
[    6.9s]     ep1 step550/851 loss=9.0981
[    7.4s]     ep1 step600/851 loss=9.0718
[    8.0s]     ep1 step650/851 loss=9.0396
[    8.5s]     ep1 step700/851 loss=9.0052
[    9.1s]     ep1 step750/851 loss=8.9710
[   10.0s]     ep1 step800/851 loss=8.9389
[   10.5s]     ep1 step850/851 loss=8.9076
[   37.5s]   epoch 1: train_loss=8.9073 valid NDCG@10=0.0268 HR@10=0.0519 (37s)
[   38.4s]     ep2 step50/851 loss=8.2536
[   38.9s]     ep2 step100/851 loss=8.2455
[   39.5s]     ep2 step150/851 loss=8.2363
[   40.0s]     ep2 step200/851 loss=8.2254
[   40.5s]     ep2 step250/851 loss=8.2182
[   41.1s]     ep2 step300/851 loss=8.2086
[   41.6s]     ep2 step350/851 loss=8.2050
[   42.2s]     ep2 step400/851 loss=8.1957
[   42.7s]     ep2 step450/851 loss=8.1870
[   43.2s]     ep2 step500/851 loss=8.1799
[   43.7s]     ep2 step550/851 loss=8.1697
[   44.3s]     ep2 step600/851 loss=8.1609
[   44.9s]     ep2 step650/851 loss=8.1537
[   45.4s]     ep2 step700/851 loss=8.1446
[   46.0s]     ep2 step750/851 loss=8.1353
[   46.5s]     ep2 step800/851 loss=8.1275
[   47.0s]     ep2 step850/851 loss=8.1191
[   76.5s]   epoch 2: train_loss=8.1190 valid NDCG@10=0.0390 HR@10=0.0745 (39s)
[   77.4s]     ep3 step50/851 loss=7.7314
[   77.9s]     ep3 step100/851 loss=7.7428
[   78.4s]     ep3 step150/851 loss=7.7503
[   78.9s]     ep3 step200/851 loss=7.7509
[   79.5s]     ep3 step250/851 loss=7.7537
[   80.0s]     ep3 step300/851 loss=7.7537
[   81.0s]     ep3 step350/851 loss=7.7561
[   81.5s]     ep3 step400/851 loss=7.7554
[   82.0s]     ep3 step450/851 loss=7.7525
[   82.5s]     ep3 step500/851 loss=7.7508
[   83.1s]     ep3 step550/851 loss=7.7474
[   83.6s]     ep3 step600/851 loss=7.7452
[   84.1s]     ep3 step650/851 loss=7.7420
[   84.7s]     ep3 step700/851 loss=7.7396
[   85.2s]     ep3 step750/851 loss=7.7364
[   85.7s]     ep3 step800/851 loss=7.7337
[   86.2s]     ep3 step850/851 loss=7.7295
[  116.5s]   epoch 3: train_loss=7.7294 valid NDCG@10=0.0497 HR@10=0.0930 (40s)
[  117.2s]     ep4 step50/851 loss=7.3267
[  117.7s]     ep4 step100/851 loss=7.3367
[  118.3s]     ep4 step150/851 loss=7.3411
[  118.8s]     ep4 step200/851 loss=7.3571
[  119.3s]     ep4 step250/851 loss=7.3665
[  119.8s]     ep4 step300/851 loss=7.3744
[  120.3s]     ep4 step350/851 loss=7.3815
[  120.8s]     ep4 step400/851 loss=7.3874
[  121.4s]     ep4 step450/851 loss=7.3936
[  121.9s]     ep4 step500/851 loss=7.3981
[  122.4s]     ep4 step550/851 loss=7.4013
[  123.0s]     ep4 step600/851 loss=7.4043
[  123.5s]     ep4 step650/851 loss=7.4067
[  124.0s]     ep4 step700/851 loss=7.4085
[  124.5s]     ep4 step750/851 loss=7.4105
[  125.1s]     ep4 step800/851 loss=7.4124
[  125.6s]     ep4 step850/851 loss=7.4142
[  156.8s]   epoch 4: train_loss=7.4142 valid NDCG@10=0.0545 HR@10=0.1006 (40s)
[  157.5s]     ep5 step50/851 loss=7.0066
[  158.0s]     ep5 step100/851 loss=7.0116
[  159.0s]     ep5 step150/851 loss=7.0271
[  159.5s]     ep5 step200/851 loss=7.0469
[  160.0s]     ep5 step250/851 loss=7.0588
[  160.6s]     ep5 step300/851 loss=7.0681
[  161.1s]     ep5 step350/851 loss=7.0824
[  161.6s]     ep5 step400/851 loss=7.0941
[  162.2s]     ep5 step450/851 loss=7.1042
[  162.7s]     ep5 step500/851 loss=7.1127
[  163.2s]     ep5 step550/851 loss=7.1206
[  163.7s]     ep5 step600/851 loss=7.1288
[  164.3s]     ep5 step650/851 loss=7.1352
[  164.8s]     ep5 step700/851 loss=7.1415
[  165.3s]     ep5 step750/851 loss=7.1464
[  165.8s]     ep5 step800/851 loss=7.1518
[  166.3s]     ep5 step850/851 loss=7.1571
[  197.7s]   epoch 5: train_loss=7.1572 valid NDCG@10=0.0570 HR@10=0.1034 (41s)
[  198.4s]     ep6 step50/851 loss=6.7528
[  199.0s]     ep6 step100/851 loss=6.7687
[  199.5s]     ep6 step150/851 loss=6.7880
[  200.0s]     ep6 step200/851 loss=6.7973
[  200.6s]     ep6 step250/851 loss=6.8084
[  201.1s]     ep6 step300/851 loss=6.8239
[  201.6s]     ep6 step350/851 loss=6.8360
[  202.2s]     ep6 step400/851 loss=6.8508
[  202.7s]     ep6 step450/851 loss=6.8631
[  203.2s]     ep6 step500/851 loss=6.8754
[  203.8s]     ep6 step550/851 loss=6.8867
[  204.3s]     ep6 step600/851 loss=6.8956
[  204.9s]     ep6 step650/851 loss=6.9055
[  205.8s]     ep6 step700/851 loss=6.9164
[  206.4s]     ep6 step750/851 loss=6.9246
[  206.9s]     ep6 step800/851 loss=6.9321
[  207.4s]     ep6 step850/851 loss=6.9393
[  238.8s]   epoch 6: train_loss=6.9394 valid NDCG@10=0.0557 HR@10=0.1016 (41s)
[  239.5s]     ep7 step50/851 loss=6.5161
[  240.1s]     ep7 step100/851 loss=6.5365
[  240.6s]     ep7 step150/851 loss=6.5556
[  241.1s]     ep7 step200/851 loss=6.5776
[  241.7s]     ep7 step250/851 loss=6.5989
[  242.2s]     ep7 step300/851 loss=6.6156
[  242.7s]     ep7 step350/851 loss=6.6324
[  243.2s]     ep7 step400/851 loss=6.6510
[  243.8s]     ep7 step450/851 loss=6.6661
[  244.3s]     ep7 step500/851 loss=6.6790
[  244.8s]     ep7 step550/851 loss=6.6918
[  245.4s]     ep7 step600/851 loss=6.7046
[  245.9s]     ep7 step650/851 loss=6.7168
[  246.4s]     ep7 step700/851 loss=6.7292
[  247.0s]     ep7 step750/851 loss=6.7384
[  247.5s]     ep7 step800/851 loss=6.7492
[  248.1s]     ep7 step850/851 loss=6.7595
[  280.3s]   epoch 7: train_loss=6.7596 valid NDCG@10=0.0550 HR@10=0.0999 (41s)
[  281.0s]     ep8 step50/851 loss=6.3312
[  281.5s]     ep8 step100/851 loss=6.3599
[  282.1s]     ep8 step150/851 loss=6.3906
[  282.6s]     ep8 step200/851 loss=6.4111
[  283.6s]     ep8 step250/851 loss=6.4330
[  284.1s]     ep8 step300/851 loss=6.4555
[  284.6s]     ep8 step350/851 loss=6.4726
[  285.2s]     ep8 step400/851 loss=6.4881
[  285.7s]     ep8 step450/851 loss=6.5081
[  286.2s]     ep8 step500/851 loss=6.5228
[  286.8s]     ep8 step550/851 loss=6.5346
[  287.3s]     ep8 step600/851 loss=6.5494
[  287.8s]     ep8 step650/851 loss=6.5613
[  288.3s]     ep8 step700/851 loss=6.5727
[  288.9s]     ep8 step750/851 loss=6.5866
[  289.4s]     ep8 step800/851 loss=6.5953
[  289.9s]     ep8 step850/851 loss=6.6046
[  322.9s]   epoch 8: train_loss=6.6047 valid NDCG@10=0.0542 HR@10=0.0982 (43s)
[  323.7s]     ep9 step50/851 loss=6.2049
[  324.2s]     ep9 step100/851 loss=6.2398
[  324.7s]     ep9 step150/851 loss=6.2630
[  325.2s]     ep9 step200/851 loss=6.2812
[  325.8s]     ep9 step250/851 loss=6.2995
[  326.3s]     ep9 step300/851 loss=6.3170
[  326.9s]     ep9 step350/851 loss=6.3373
[  327.4s]     ep9 step400/851 loss=6.3524
[  328.0s]     ep9 step450/851 loss=6.3698
[  328.5s]     ep9 step500/851 loss=6.3841
[  329.1s]     ep9 step550/851 loss=6.3987
[  329.6s]     ep9 step600/851 loss=6.4130
[  330.1s]     ep9 step650/851 loss=6.4281
[  330.6s]     ep9 step700/851 loss=6.4422
[  331.2s]     ep9 step750/851 loss=6.4538
[  331.7s]     ep9 step800/851 loss=6.4664
[  332.2s]     ep9 step850/851 loss=6.4784
[  366.0s]   epoch 9: train_loss=6.4788 valid NDCG@10=0.0540 HR@10=0.0976 (43s)
[  366.0s]   早停：4 轮未提升（best epoch 5, NDCG@10=0.0570）
[  429.7s]   → VG/gru4rec TEST: HR@10=0.0871 NDCG@10=0.0484 MRR=0.0441 coverage@10=0.4197  用时 429.4s
