[    0.3s] domain=VG model=sasrec device=cuda commit=762da11 n_items=25611 n_users=94762
[    0.3s] data.meta = {"n_train_samples": 435534, "n_valid": 94761, "n_test": 94759, "n_train_users_reconstructed": 94761, "n_users_patched_from_valid": 1}
[    0.3s] === VG / sasrec (A_classic) ===
[    0.8s]   [sasrec] 参数量 1740.7K  训练样本 435534  batch=512 maxlen=20 device=cuda
[    3.7s]     ep1 step50/851 loss=9.8316
[    6.0s]     ep1 step100/851 loss=9.5996
[    8.4s]     ep1 step150/851 loss=9.4767
[   10.8s]     ep1 step200/851 loss=9.4044
[   13.2s]     ep1 step250/851 loss=9.3471
[   14.8s]     ep1 step300/851 loss=9.2941
[   17.3s]     ep1 step350/851 loss=9.2476
[   19.7s]     ep1 step400/851 loss=9.1970
[   22.0s]     ep1 step450/851 loss=9.1435
[   24.3s]     ep1 step500/851 loss=9.0908
[   25.4s]     ep1 step550/851 loss=9.0421
[   26.6s]     ep1 step600/851 loss=8.9988
[   27.7s]     ep1 step650/851 loss=8.9596
[   28.8s]     ep1 step700/851 loss=8.9220
[   29.9s]     ep1 step750/851 loss=8.8862
[   31.0s]     ep1 step800/851 loss=8.8536
[   32.0s]     ep1 step850/851 loss=8.8228
[   61.7s]   epoch 1: train_loss=8.8223 valid NDCG@10=0.0305 HR@10=0.0575 (61s)
[   64.2s]     ep2 step50/851 loss=8.1468
[   66.5s]     ep2 step100/851 loss=8.1378
[   68.9s]     ep2 step150/851 loss=8.1344
[   71.3s]     ep2 step200/851 loss=8.1243
[   73.7s]     ep2 step250/851 loss=8.1183
[   76.1s]     ep2 step300/851 loss=8.1107
[   78.4s]     ep2 step350/851 loss=8.0956
[   80.8s]     ep2 step400/851 loss=8.0858
[   83.2s]     ep2 step450/851 loss=8.0738
[   85.5s]     ep2 step500/851 loss=8.0633
[   87.1s]     ep2 step550/851 loss=8.0523
[   88.2s]     ep2 step600/851 loss=8.0404
[   89.7s]     ep2 step650/851 loss=8.0290
[   90.8s]     ep2 step700/851 loss=8.0187
[   91.9s]     ep2 step750/851 loss=8.0087
[   93.0s]     ep2 step800/851 loss=7.9981
[   94.1s]     ep2 step850/851 loss=7.9866
[  124.2s]   epoch 2: train_loss=7.9866 valid NDCG@10=0.0497 HR@10=0.0918 (63s)
[  126.6s]     ep3 step50/851 loss=7.5144
[  129.0s]     ep3 step100/851 loss=7.5225
[  131.4s]     ep3 step150/851 loss=7.5329
[  133.8s]     ep3 step200/851 loss=7.5384
[  136.2s]     ep3 step250/851 loss=7.5424
[  138.6s]     ep3 step300/851 loss=7.5484
[  141.0s]     ep3 step350/851 loss=7.5529
[  143.4s]     ep3 step400/851 loss=7.5569
[  145.8s]     ep3 step450/851 loss=7.5577
[  148.2s]     ep3 step500/851 loss=7.5579
[  150.5s]     ep3 step550/851 loss=7.5597
[  152.2s]     ep3 step600/851 loss=7.5616
[  153.3s]     ep3 step650/851 loss=7.5616
[  154.4s]     ep3 step700/851 loss=7.5626
[  155.5s]     ep3 step750/851 loss=7.5610
[  156.6s]     ep3 step800/851 loss=7.5592
[  157.7s]     ep3 step850/851 loss=7.5592
[  189.4s]   epoch 3: train_loss=7.5591 valid NDCG@10=0.0580 HR@10=0.1055 (65s)
[  191.8s]     ep4 step50/851 loss=7.1647
[  194.2s]     ep4 step100/851 loss=7.1754
[  196.6s]     ep4 step150/851 loss=7.1922
[  199.0s]     ep4 step200/851 loss=7.2006
[  201.7s]     ep4 step250/851 loss=7.2091
[  204.1s]     ep4 step300/851 loss=7.2198
[  206.4s]     ep4 step350/851 loss=7.2344
[  208.8s]     ep4 step400/851 loss=7.2451
[  211.2s]     ep4 step450/851 loss=7.2503
[  213.6s]     ep4 step500/851 loss=7.2564
[  215.5s]     ep4 step550/851 loss=7.2624
[  217.1s]     ep4 step600/851 loss=7.2694
[  218.2s]     ep4 step650/851 loss=7.2759
[  219.3s]     ep4 step700/851 loss=7.2808
[  220.4s]     ep4 step750/851 loss=7.2855
[  221.6s]     ep4 step800/851 loss=7.2887
[  222.7s]     ep4 step850/851 loss=7.2932
[  254.1s]   epoch 4: train_loss=7.2933 valid NDCG@10=0.0607 HR@10=0.1097 (65s)
[  256.5s]     ep5 step50/851 loss=6.9326
[  258.8s]     ep5 step100/851 loss=6.9587
[  261.2s]     ep5 step150/851 loss=6.9816
[  263.6s]     ep5 step200/851 loss=6.9950
[  266.0s]     ep5 step250/851 loss=7.0079
[  268.3s]     ep5 step300/851 loss=7.0208
[  270.7s]     ep5 step350/851 loss=7.0328
[  273.0s]     ep5 step400/851 loss=7.0455
[  275.5s]     ep5 step450/851 loss=7.0562
[  277.8s]     ep5 step500/851 loss=7.0660
[  280.2s]     ep5 step550/851 loss=7.0735
[  282.3s]     ep5 step600/851 loss=7.0805
[  283.4s]     ep5 step650/851 loss=7.0855
[  284.5s]     ep5 step700/851 loss=7.0941
[  285.6s]     ep5 step750/851 loss=7.1002
[  286.7s]     ep5 step800/851 loss=7.1074
[  288.2s]     ep5 step850/851 loss=7.1140
[  320.8s]   epoch 5: train_loss=7.1141 valid NDCG@10=0.0627 HR@10=0.1125 (67s)
[  323.2s]     ep6 step50/851 loss=6.8093
[  325.6s]     ep6 step100/851 loss=6.8215
[  328.0s]     ep6 step150/851 loss=6.8392
[  330.4s]     ep6 step200/851 loss=6.8524
[  332.8s]     ep6 step250/851 loss=6.8693
[  334.6s]     ep6 step300/851 loss=6.8815
[  337.0s]     ep6 step350/851 loss=6.8946
[  339.3s]     ep6 step400/851 loss=6.9091
[  341.7s]     ep6 step450/851 loss=6.9193
[  344.1s]     ep6 step500/851 loss=6.9301
[  346.3s]     ep6 step550/851 loss=6.9417
[  347.4s]     ep6 step600/851 loss=6.9507
[  348.5s]     ep6 step650/851 loss=6.9585
[  349.6s]     ep6 step700/851 loss=6.9675
[  350.6s]     ep6 step750/851 loss=6.9755
[  351.7s]     ep6 step800/851 loss=6.9806
[  352.8s]     ep6 step850/851 loss=6.9883
[  384.2s]   epoch 6: train_loss=6.9885 valid NDCG@10=0.0632 HR@10=0.1135 (63s)
[  386.6s]     ep7 step50/851 loss=6.6758
[  389.0s]     ep7 step100/851 loss=6.7110
[  391.4s]     ep7 step150/851 loss=6.7338
[  393.8s]     ep7 step200/851 loss=6.7543
[  396.2s]     ep7 step250/851 loss=6.7697
[  398.5s]     ep7 step300/851 loss=6.7857
[  401.0s]     ep7 step350/851 loss=6.7989
[  403.3s]     ep7 step400/851 loss=6.8115
[  405.7s]     ep7 step450/851 loss=6.8249
[  408.0s]     ep7 step500/851 loss=6.8351
[  410.4s]     ep7 step550/851 loss=6.8466
[  413.3s]     ep7 step600/851 loss=6.8577
[  414.4s]     ep7 step650/851 loss=6.8691
[  415.4s]     ep7 step700/851 loss=6.8770
[  416.5s]     ep7 step750/851 loss=6.8840
[  417.6s]     ep7 step800/851 loss=6.8921
[  418.7s]     ep7 step850/851 loss=6.8993
[  451.8s]   epoch 7: train_loss=6.8994 valid NDCG@10=0.0637 HR@10=0.1148 (68s)
[  454.1s]     ep8 step50/851 loss=6.6184
[  456.5s]     ep8 step100/851 loss=6.6448
[  458.9s]     ep8 step150/851 loss=6.6633
[  461.3s]     ep8 step200/851 loss=6.6801
[  463.7s]     ep8 step250/851 loss=6.6904
[  466.0s]     ep8 step300/851 loss=6.7086
[  468.4s]     ep8 step350/851 loss=6.7258
[  470.8s]     ep8 step400/851 loss=6.7375
[  473.2s]     ep8 step450/851 loss=6.7504
[  475.6s]     ep8 step500/851 loss=6.7629
[  477.9s]     ep8 step550/851 loss=6.7739
[  480.1s]     ep8 step600/851 loss=6.7834
[  481.2s]     ep8 step650/851 loss=6.7923
[  482.2s]     ep8 step700/851 loss=6.8032
[  483.3s]     ep8 step750/851 loss=6.8139
[  484.4s]     ep8 step800/851 loss=6.8226
[  485.5s]     ep8 step850/851 loss=6.8309
[  518.9s]   epoch 8: train_loss=6.8310 valid NDCG@10=0.0635 HR@10=0.1142 (67s)
[  521.3s]     ep9 step50/851 loss=6.5794
[  523.6s]     ep9 step100/851 loss=6.6028
[  526.0s]     ep9 step150/851 loss=6.6159
[  528.8s]     ep9 step200/851 loss=6.6290
[  531.2s]     ep9 step250/851 loss=6.6441
[  533.6s]     ep9 step300/851 loss=6.6543
[  536.0s]     ep9 step350/851 loss=6.6701
[  538.4s]     ep9 step400/851 loss=6.6827
[  540.7s]     ep9 step450/851 loss=6.6932
[  543.1s]     ep9 step500/851 loss=6.7050
[  545.1s]     ep9 step550/851 loss=6.7153
[  547.4s]     ep9 step600/851 loss=6.7251
[  548.7s]     ep9 step650/851 loss=6.7384
[  549.8s]     ep9 step700/851 loss=6.7482
[  550.9s]     ep9 step750/851 loss=6.7581
[  552.0s]     ep9 step800/851 loss=6.7671
[  553.1s]     ep9 step850/851 loss=6.7759
[  586.6s]   epoch 9: train_loss=6.7761 valid NDCG@10=0.0636 HR@10=0.1145 (68s)
[  589.0s]     ep10 step50/851 loss=6.5042
[  591.4s]     ep10 step100/851 loss=6.5263
[  593.8s]     ep10 step150/851 loss=6.5529
[  596.1s]     ep10 step200/851 loss=6.5713
[  598.5s]     ep10 step250/851 loss=6.5886
[  600.9s]     ep10 step300/851 loss=6.6042
[  603.3s]     ep10 step350/851 loss=6.6224
[  605.6s]     ep10 step400/851 loss=6.6339
[  608.0s]     ep10 step450/851 loss=6.6470
[  610.5s]     ep10 step500/851 loss=6.6605
[  612.9s]     ep10 step550/851 loss=6.6692
[  615.3s]     ep10 step600/851 loss=6.6826
[  616.5s]     ep10 step650/851 loss=6.6947
[  617.6s]     ep10 step700/851 loss=6.7031
[  618.7s]     ep10 step750/851 loss=6.7124
[  620.2s]     ep10 step800/851 loss=6.7225
[  621.3s]     ep10 step850/851 loss=6.7302
[  654.3s]   epoch 10: train_loss=6.7303 valid NDCG@10=0.0637 HR@10=0.1154 (68s)
[  656.7s]     ep11 step50/851 loss=6.4882
[  659.0s]     ep11 step100/851 loss=6.5122
[  661.4s]     ep11 step150/851 loss=6.5257
[  663.8s]     ep11 step200/851 loss=6.5429
[  666.2s]     ep11 step250/851 loss=6.5603
[  668.1s]     ep11 step300/851 loss=6.5767
[  670.5s]     ep11 step350/851 loss=6.5919
[  672.9s]     ep11 step400/851 loss=6.6038
[  675.3s]     ep11 step450/851 loss=6.6144
[  677.6s]     ep11 step500/851 loss=6.6261
[  680.0s]     ep11 step550/851 loss=6.6375
[  682.3s]     ep11 step600/851 loss=6.6489
[  683.4s]     ep11 step650/851 loss=6.6582
[  684.5s]     ep11 step700/851 loss=6.6682
[  685.5s]     ep11 step750/851 loss=6.6772
[  686.6s]     ep11 step800/851 loss=6.6846
[  687.7s]     ep11 step850/851 loss=6.6927
[  719.9s]   epoch 11: train_loss=6.6929 valid NDCG@10=0.0643 HR@10=0.1155 (66s)
[  722.3s]     ep12 step50/851 loss=6.4229
[  724.7s]     ep12 step100/851 loss=6.4543
[  727.1s]     ep12 step150/851 loss=6.4794
[  729.5s]     ep12 step200/851 loss=6.4935
[  731.9s]     ep12 step250/851 loss=6.5088
[  734.2s]     ep12 step300/851 loss=6.5263
[  736.6s]     ep12 step350/851 loss=6.5440
[  738.9s]     ep12 step400/851 loss=6.5561
[  741.3s]     ep12 step450/851 loss=6.5713
[  743.8s]     ep12 step500/851 loss=6.5847
[  746.7s]     ep12 step550/851 loss=6.5978
[  749.0s]     ep12 step600/851 loss=6.6085
[  750.1s]     ep12 step650/851 loss=6.6204
[  751.2s]     ep12 step700/851 loss=6.6311
[  752.3s]     ep12 step750/851 loss=6.6410
[  753.4s]     ep12 step800/851 loss=6.6498
[  754.5s]     ep12 step850/851 loss=6.6598
[  786.5s]   epoch 12: train_loss=6.6600 valid NDCG@10=0.0637 HR@10=0.1144 (67s)
[  788.9s]     ep13 step50/851 loss=6.4037
[  791.3s]     ep13 step100/851 loss=6.4401
[  793.7s]     ep13 step150/851 loss=6.4630
[  796.1s]     ep13 step200/851 loss=6.4779
[  798.4s]     ep13 step250/851 loss=6.4923
[  800.8s]     ep13 step300/851 loss=6.5089
[  803.1s]     ep13 step350/851 loss=6.5214
[  805.4s]     ep13 step400/851 loss=6.5320
[  807.8s]     ep13 step450/851 loss=6.5449
[  810.1s]     ep13 step500/851 loss=6.5598
[  812.5s]     ep13 step550/851 loss=6.5718
[  814.9s]     ep13 step600/851 loss=6.5847
[  816.6s]     ep13 step650/851 loss=6.5938
[  817.6s]     ep13 step700/851 loss=6.6029
[  818.7s]     ep13 step750/851 loss=6.6123
[  819.8s]     ep13 step800/851 loss=6.6202
[  820.9s]     ep13 step850/851 loss=6.6292
[  854.8s]   epoch 13: train_loss=6.6293 valid NDCG@10=0.0633 HR@10=0.1146 (68s)
[  857.2s]     ep14 step50/851 loss=6.4119
[  859.6s]     ep14 step100/851 loss=6.4213
[  862.3s]     ep14 step150/851 loss=6.4385
[  864.7s]     ep14 step200/851 loss=6.4562
[  867.1s]     ep14 step250/851 loss=6.4681
[  869.5s]     ep14 step300/851 loss=6.4830
[  871.9s]     ep14 step350/851 loss=6.4953
[  874.1s]     ep14 step400/851 loss=6.5115
[  876.1s]     ep14 step450/851 loss=6.5231
[  878.6s]     ep14 step500/851 loss=6.5350
[  881.0s]     ep14 step550/851 loss=6.5466
[  883.4s]     ep14 step600/851 loss=6.5573
[  885.0s]     ep14 step650/851 loss=6.5664
[  886.1s]     ep14 step700/851 loss=6.5737
[  887.2s]     ep14 step750/851 loss=6.5821
[  888.3s]     ep14 step800/851 loss=6.5915
[  889.4s]     ep14 step850/851 loss=6.6007
[  922.3s]   epoch 14: train_loss=6.6008 valid NDCG@10=0.0631 HR@10=0.1138 (67s)
[  923.6s]     ep15 step50/851 loss=6.3639
[  924.7s]     ep15 step100/851 loss=6.3979
[  925.7s]     ep15 step150/851 loss=6.4115
[  926.8s]     ep15 step200/851 loss=6.4315
[  927.9s]     ep15 step250/851 loss=6.4453
[  929.0s]     ep15 step300/851 loss=6.4631
[  930.0s]     ep15 step350/851 loss=6.4794
[  931.1s]     ep15 step400/851 loss=6.4895
[  932.2s]     ep15 step450/851 loss=6.5011
[  933.2s]     ep15 step500/851 loss=6.5105
[  934.3s]     ep15 step550/851 loss=6.5189
[  935.3s]     ep15 step600/851 loss=6.5279
[  936.8s]     ep15 step650/851 loss=6.5386
[  937.9s]     ep15 step700/851 loss=6.5488
[  938.9s]     ep15 step750/851 loss=6.5592
[  940.0s]     ep15 step800/851 loss=6.5672
[  941.1s]     ep15 step850/851 loss=6.5759
[  974.6s]   epoch 15: train_loss=6.5759 valid NDCG@10=0.0628 HR@10=0.1141 (52s)
[  974.6s]   早停：4 轮未提升（best epoch 11, NDCG@10=0.0643）
[ 1039.7s]   → VG/sasrec TEST: HR@10=0.0971 NDCG@10=0.0546 MRR=0.0493 coverage@10=0.6741  用时 1039.3s
